// Jest Snapshot v1, https://goo.gl/fbAQLP

exports[`Testing LogoutSection component renders as expected 1`] = `
<Component
  style={
    Array [
      Object {
        "flex": 1,
        "height": 30,
        "marginBottom": 5,
      },
    ]
  }
>
  <Button
    onPress={[MockFunction]}
    style={
      Array [
        Object {
          "color": "black",
          "paddingTop": 5,
          "textAlign": "center",
        },
      ]
    }
    title="Logout (undefined)"
  />
</Component>
`;
